[www.reddit.com/login/index.html]
[backblue.gif]
[fade.gif]
[index.html]
[www.redditstatic.com/accountmanager/favicon/favicon-512x512.0.delayed]
[www.redditstatic.com/accountmanager/favicon/favicon-192x192.png]
[www.redditstatic.com/accountmanager/favicon/favicon-32x32.png]
[www.redditstatic.com/accountmanager/favicon/favicon-16x16.png]
[www.redditstatic.com/accountmanager/favicon/apple-touch-icon-180x180.png]
[www.redditstatic.com/accountmanager/favicon/mstile-310x310.png]
[www.redditstatic.com/accountmanager/favicon/mstile-310x150.png]
[www.redditstatic.com/accountmanager/vendor.7749aab6f5c7d510110eaa0430cb683d.css]
[www.redditstatic.com/accountmanager/theme.fe31ebde4fdd11662f4609fe6ee36510.css]
[www.redditstatic.com/accountmanager/login.bd62bab369028bce7698ffdbdb8eb614.css]
[www.redditstatic.com/accountmanager/common.ff2c9f31dac8e287ba09.js]
[www.redditstatic.com/accountmanager/vendor.0d3dac0dcc97b03aa92b.js]
[www.redditstatic.com/accountmanager/theme.30effdbbfbe50758cd58.js]
[www.redditstatic.com/accountmanager/sentry.b841f1860456fccc5af3.js]
[www.reddit.com/login/index.html]
[www.redditstatic.com/accountmanager/favicon/favicon-512x512.png]
[www.redditstatic.com/accountmanager/favicon/favicon-192x192.png]
[www.redditstatic.com/accountmanager/favicon/favicon-32x32.png]
[www.redditstatic.com/accountmanager/favicon/favicon-16x16.png]
[www.redditstatic.com/accountmanager/favicon/apple-touch-icon-180x180.png]
[www.redditstatic.com/accountmanager/favicon/mstile-310x310.png]
[www.redditstatic.com/accountmanager/favicon/mstile-310x150.png]
[www.redditstatic.com/accountmanager/vendor.7749aab6f5c7d510110eaa0430cb683d.css]
[www.redditstatic.com/accountmanager/login.bf668532651795f4ec1e.js]
[www.redditstatic.com/accountmanager/116bb6d508f5307861d3b1269bc597e7.woff2]
[www.redditstatic.com/accountmanager/theme.fe31ebde4fdd11662f4609fe6ee36510.css]
[www.redditstatic.com/accountmanager/login.bd62bab369028bce7698ffdbdb8eb614.css]
